[theuselessweb.com/index.html]
[backblue.gif]
[fade.gif]
[index.html]
[theuselessweb.com/share-image-small.png]
[d33wubrfki0l68.cloudfront.net/css/93def94f2ab3e671531d87e52716dfee39856a25/css/style.css]
[d33wubrfki0l68.cloudfront.net/js/ca588a171e9ad20bb0d3b0583f559a9c609be527/js/uselessweb.js]
[pagead2.googlesyndication.com/pagead/js/f.txt]
[theuselessweb.com/sites/index.html]
[theuselessweb.com/index.html]
[d33wubrfki0l68.cloudfront.net/css/93def94f2ab3e671531d87e52716dfee39856a25/css/style.css]
[ko-fi.com/img/cup-border.png]
[platform.twitter.com/widgets.js]
[theuselessweb.com/sites/safari-tab-icon.svg]
[d33wubrfki0l68.cloudfront.net/css/e2fce1c3b53ed71a6fbcaf58a56465037e31e586/sites/css/styles.css]
[d33wubrfki0l68.cloudfront.net/268d02e8ad3b536b609db40fbb474dba187c7710/a096f/sites/assets/heeeeey.jpg]
[d33wubrfki0l68.cloudfront.net/e8c4664bc8c01cb4182a083cff5d47e9c0319d6a/0a7b8/sites/assets/hoooo.jpg]
[d33wubrfki0l68.cloudfront.net/fc3eb8b6be761e89e4b82463c080b2149f2426ee/9d836/sites/assets/rgb.jpg]
[d33wubrfki0l68.cloudfront.net/295e881213dc971e36578128c74cc592cad2d16d/0f598/sites/assets/rgb-2.jpg]
[theuselessweb.com/sites/heeeeey-hoooooo/index.html]
[d33wubrfki0l68.cloudfront.net/b969960359d72f01c0379c0da3a28dee8e532d07/253cb/sites/assets/rgb-3.jpg]
[d33wubrfki0l68.cloudfront.net/715e30d4bc04692fe51d983f0f468577aa75d7bd/c8352/sites/assets/the-pigeon.jpg]
[d33wubrfki0l68.cloudfront.net/75798948c8cef53c737366e881166a35a2a1298e/86dfb/sites/assets/the-pigeon-2.jpg]
[theuselessweb.com/sites/rgb/index.html]
[theuselessweb.com/sites/the-pigeon/index.html]
[d33wubrfki0l68.cloudfront.net/1b0f10ed1f03812ad284e2542d9b679bf20306c5/c7b71/sites/assets/the-pigeon-3.jpg]
[d33wubrfki0l68.cloudfront.net/8dcd14e5e6deaf8d8449f1d69d524d74327a8f60/14d59/sites/assets/endless-horse.jpg]
[d33wubrfki0l68.cloudfront.net/bcf0ae1c51e5b44ed7482eeeca3795da4a6d7694/97c9e/sites/assets/endless-horse-2.jpg]
[d33wubrfki0l68.cloudfront.net/f814985bca624d1f3a11b412d7cf19388212adab/8bf6b/sites/assets/endless-horse-3.jpg]
[theuselessweb.com/sites/endless-horse/index.html]
[d33wubrfki0l68.cloudfront.net/c05db7c17090d6944a4101ecfc13e9c9f5894a59/b73b2/sites/assets/cat-bounce.jpg]
[d33wubrfki0l68.cloudfront.net/bac68e768271b43e21ab6f47208cf7039805fa08/1a1f1/sites/assets/cat-bounce-2.jpg]
[d33wubrfki0l68.cloudfront.net/46045c1c617237ee432ca1ed76aee1077a3a9353/a25ac/sites/assets/cat-bounce-3.jpg]
[d33wubrfki0l68.cloudfront.net/css/329bb49fdde40c2e0a44d9aac1cb6945eb2cf4fb/styles/global/font.css]
[theuselessweb.com/sites/index.html]
[theuselessweb.com/sites/safari-tab-icon.html]
[d33wubrfki0l68.cloudfront.net/css/e2fce1c3b53ed71a6fbcaf58a56465037e31e586/sites/css/styles.css]
[theuselessweb.com/sites/cat-bounce/index.html]
[theuselessweb.com/sites/heeeeey-hoooooo/safari-tab-icon.svg]
[theuselessweb.com/sites/heeeeey-hoooooo/index.html]
[theuselessweb.com/sites/rgb/safari-tab-icon.svg]
[theuselessweb.com/sites/rgb/index.html]
[theuselessweb.com/sites/the-pigeon/safari-tab-icon.svg]
[theuselessweb.com/sites/the-pigeon/index.html]
[theuselessweb.com/sites/endless-horse/safari-tab-icon.svg]
[theuselessweb.com/sites/endless-horse/index.html]
[theuselessweb.com/sites/cat-bounce/safari-tab-icon.svg]
[theuselessweb.com/sites/cat-bounce/index.html]
[d33wubrfki0l68.cloudfront.net/css/329bb49fdde40c2e0a44d9aac1cb6945eb2cf4fb/styles/global/font.css]
[theuselessweb.com/sites/heeeeey-hoooooo/safari-tab-icon.html]
[theuselessweb.com/sites/rgb/safari-tab-icon.html]
[theuselessweb.com/sites/the-pigeon/safari-tab-icon.html]
[theuselessweb.com/sites/endless-horse/safari-tab-icon.html]
[theuselessweb.com/sites/cat-bounce/safari-tab-icon.html]
